// Jest Snapshot v1, https://goo.gl/fbAQLP

exports[`QueryStateDemo can set name with button 1`] = `
<pre
  data-testid="pre-query-state"
>
  {
 "name": "Felix",
 "age": 25,
 "active": false
}
</pre>
`;

exports[`QueryStateDemo can set name with button 2`] = `
<pre
  data-testid="pre-query-state"
>
  {
 "name": "Kim",
 "age": 25,
 "active": false
}
</pre>
`;

exports[`QueryStateDemo can set name with button 3`] = `
<pre
  data-testid="pre-query-state"
>
  {
 "name": "Sarah",
 "age": 25,
 "active": false
}
</pre>
`;
